
> afs_doc_tools@1.0.0 test
> jest tests/v2/services/transactional.service.test.ts

FAIL tests/v2/services/transactional.service.test.ts
  ΓùÅ Test suite failed to run

    src/services/v2/transactional.service.ts:169:14 - error TS2741: Property 'externalId' is missing in type '{ name: string; }' but required in type '{ externalId: string; name: string; id?: string | undefined; metadata?: Record<string, unknown> | undefined; email?: string | undefined; billingAddress?: { line1: string; city: string; postalCode: string; country: string; line2?: string | undefined; state?: string | undefined; } | undefined; shippingAddress?: { ...;...'.

    169              customer: {
                     ~~~~~~~~

      src/services/v2/schemas.ts:56:3
        56   externalId: z.string().describe('ID in External ERP/CRM'),
             ~~~~~~~~~~~~~~~~~~~~~~~~~~~~~~~~~~~~~~~~~~~~~~~~~~~~~~~~~
        'externalId' is declared here.
      src/services/v2/schemas.ts:139:3
        139   customer: CustomerSchema,
              ~~~~~~~~~~~~~~~~~~~~~~~~
        The expected type comes from property 'customer' which is declared here on type '{ number: string; type: "invoice"; status: "unknown" | "draft" | "sent" | "viewed" | "paid" | "partial" | "overdue" | "voided" | "disputed"; date: string; externalId: string; currency: string; ... 13 more ...; normalizedAt?: string | ... 1 more ... | undefined; }'

Test Suites: 1 failed, 1 total
Tests:       0 total
Snapshots:   0 total
Time:        10.572 s
Ran all test suites matching tests/v2/services/transactional.service.test.ts.
Force exiting Jest: Have you considered using `--detectOpenHandles` to detect async operations that kept running after all tests finished?
